<header class="navbar">
<div class="navbar-left">
<label for="nav-toggle" class="hamburger" aria-label="Toggle navigation">
<span class="hamburger-icon" aria-hidden="true">&#9776;</span>
<span class="hamburger-text">Menu</span>
</label>
</div>
<div class="navbar-center">
<strong>
</strong>
</div>
<div class="navbar-right user-links">
<a href="/login?back=%2F">Login</a>
<a href="/register?back=%2F">Register</a>
</div>
</header>