<!DOCTYPE html>
<html>
<head>
<title></title>
<link rel="stylesheet" href="/main.css?v=1fbc1cfbd5030da8">
<link rel="icon" href="/favicon.svg?v=e96e6a3d0215a768" type="image/svg+xml">
<meta name="viewport" content="width=device-width, initial-scale=1">
<script src="/static/site.js?v=156b3e35806c203c"></script>
</head>
<body>
<header class="navbar">
<div class="navbar-left">
<label for="nav-toggle" class="hamburger" aria-label="Toggle navigation">
<span class="hamburger-icon" aria-hidden="true">&#9776;</span>
<span class="hamburger-text">Menu</span>
</label>
</div>
<div class="navbar-center">
<strong>
</strong>
</div>
<div class="navbar-right user-links">
<a href="/login?back=%2F">Login</a>
<a href="/register?back=%2F">Register</a>
</div>
</header>
<input type="checkbox" id="nav-toggle" class="nav-toggle">
<div class="layout">
<aside class="sidebar">
<hr>
<hr>
<a href="/item1">Item 1</a><br>
<div class="folded-toggle" data-target="folded-items">Advanced / Danger Zone</div>
<div id="folded-items" class="folded-items hidden">
<a href="/item2">Item 2</a><br>
</div>
</aside>
<main class="content">
Login:<br>
<form method="post" action="/login">
Username: <input name="username"><br>
Password: <input name="password" type="password"><br>
<input type="submit" name="task" value="Login">
<br><a href="/forgot">Forgot password?</a>
</form>
</main>
</div>
<div id="bottom"></div>
<hr>
<footer class="site-footer">
<div>
Date and time is now: 2026-03-29 21:40:27.111672118 &#43;0000 UTC<br>
<em>Arran 2004-2005, 2023-2025; All works on this page copyrighted to their respective authors.</em><br>
<a href="https://github.com/arran4/goa4web">GitHub</a> Version dev
</div>
</footer>
<div id="keyboard-shortcuts-overlay" class="shortcuts-overlay hidden">
<div class="shortcuts-modal">
<div class="shortcuts-header">
<h2>Keyboard Shortcuts</h2>
<button id="close-shortcuts" class="close-button">&times;</button>
</div>
<div class="shortcuts-tabs">
<button class="tab-btn active" data-tab="global">Global</button>
<button class="tab-btn" data-tab="forum">Forum</button>
<button class="tab-btn" data-tab="editor">Editor</button>
</div>
<div class="shortcuts-content">
<div id="section-global" class="shortcut-section">
<h3>Global</h3>
<ul>
<li><kbd>Ctrl</kbd> + <kbd>?</kbd> : Show this help</li>
<li><kbd>Alt</kbd> + <kbd>Home</kbd> : Go to Home</li>
</ul>
</div>
<div id="section-forum" class="shortcut-section hidden">
<h3>Forum</h3>
<ul>
<li><kbd>j</kbd> / <kbd>k</kbd> : Next/Prev Comment</li>
<li><kbd>q</kbd> : Quote Selected Text</li>
</ul>
</div>
<div id="section-editor" class="shortcut-section hidden">
<h3>Editor</h3>
<ul>
<li><kbd>Ctrl</kbd> + <kbd>Enter</kbd> : Submit Post</li>
</ul>
</div>
</div>
</div>
</div>
</body>
</html>